2025-10-19 11:43:27,712 [main.py         | 48] INFO: Start to run instance_10
2025-10-19 11:43:27,712 [simulate_api.py | 60] INFO: Start time of the simulator: 2025-10-19 00:00:00, time interval:  600.00
2025-10-19 11:43:27,722 [input_utils.py  | 48] INFO: Get 154 factories
2025-10-19 11:43:28,412 [input_utils.py  | 52] INFO: Get 23562 routes
2025-10-19 11:43:28,422 [input_utils.py  | 57] INFO: Get 5 vehicles
2025-10-19 11:43:28,431 [input_utils.py  | 61] INFO: Get 100 orders
2025-10-19 11:43:28,431 [simulate_api.py | 87] INFO: Initial position of V_1 is e2d5093fbe36431f8986ddb0e1c586be
2025-10-19 11:43:28,432 [simulate_api.py | 87] INFO: Initial position of V_2 is 7fe14b93f0f04ee7a994ef5b2c1fdb72
2025-10-19 11:43:28,432 [simulate_api.py | 87] INFO: Initial position of V_3 is fa366fc87a124d32926daa5bb093129f
2025-10-19 11:43:28,432 [simulate_api.py | 87] INFO: Initial position of V_4 is e47399648fa842b2b8f80094343d8091
2025-10-19 11:43:28,432 [simulate_api.py | 87] INFO: Initial position of V_5 is becb4f85393540b287e7329758b8d832
2025-10-19 11:43:28,432 [simulate_environment.py | 99] INFO: **************************************************
2025-10-19 11:43:28,432 [simulate_environment.py | 103] INFO: cur time: 2025-10-19 00:10:00, pre time: 2025-10-19 00:00:00
2025-10-19 11:43:28,432 [simulate_environment.py | 140] INFO: Start to update the input of 2025-10-19 00:10:00
2025-10-19 11:43:28,433 [simulate_environment.py | 167] INFO: Get 0 unallocated order items, 0 ongoing order items, 0 completed order items
2025-10-19 11:43:29,394 [simulate_environment.py | 234] INFO: 
Adaptive config applied: {'num_orders': 0, 'mode': 'erfc', 'raw_prog': 0.9937903346742238, 'ratio': 1.0, 'ratio_pre': 1.0, 'base': 1.0, 'base_raw': 1.0, 'center': 0.5, 'width': 0.2, 'num_vehicles': 5, 'threshold_T': 80, 'min_ratio': 0.0, 'max_ratio': 1.0, 'cutoff': True}
Cant initialize the population

The solution initialized by Cheapest Insertion:
V_1:[] V_2:[] V_3:[] V_4:[] V_5:[]
The fitness value before EA: 0.0
V_1:[] V_2:[] V_3:[] V_4:[] V_5:[]
The fitness value after EA: 0.0

Thoi gian thuc hien thuat toan:  0.6733877658843994
SUCCESS

2025-10-19 11:43:29,394 [simulate_environment.py | 256] INFO: 2025-10-19 00:10:00, Item 0010370001-1: state = 0 < 2, we can not finish the simulation
2025-10-19 11:43:29,394 [simulate_environment.py | 99] INFO: **************************************************
2025-10-19 11:43:29,394 [simulate_environment.py | 103] INFO: cur time: 2025-10-19 00:20:00, pre time: 2025-10-19 00:10:00
2025-10-19 11:43:29,394 [simulate_environment.py | 140] INFO: Start to update the input of 2025-10-19 00:20:00
2025-10-19 11:43:29,395 [simulate_environment.py | 167] INFO: Get 4 unallocated order items, 0 ongoing order items, 0 completed order items
2025-10-19 11:43:30,502 [simulate_environment.py | 234] INFO: 
Adaptive config applied: {'num_orders': 2, 'mode': 'erfc', 'raw_prog': 0.9912255249042616, 'ratio': 0.9974029364389501, 'ratio_pre': 0.9974029364389501, 'base': 0.9974029364389501, 'base_raw': 0.9974029364389501, 'center': 0.5, 'width': 0.2, 'num_vehicles': 5, 'threshold_T': 80, 'min_ratio': 0.0, 'max_ratio': 1.0, 'cutoff': True}
LS: PDPairExchange | Count: 0 | TotalTime:0.000s | Cost:0.88
LS: mPDG | Count: 0 | TotalTime:0.000s | Cost:0.88
LS: BlockRelocate | Count: 0 | TotalTime:0.000s | Cost:0.88
LS: BlockRelocate | Count: 0 | TotalTime:0.000s | Cost:0.88
LS: BlockExchange | Count: 0 | TotalTime:0.000s | Cost:0.88
LS: BlockExchange | Count: 0 | TotalTime:0.000s | Cost:0.88
LS: PDPairExchange | Count: 0 | TotalTime:0.000s | Cost:0.88
LS: BlockRelocate | Count: 0 | TotalTime:0.000s | Cost:0.88
LS: BlockRelocate | Count: 0 | TotalTime:0.000s | Cost:0.88
LS: BlockRelocate | Count: 0 | TotalTime:0.000s | Cost:0.88
LS: BlockExchange | Count: 0 | TotalTime:0.000s | Cost:0.88
Generation 1: Best = 0.88, Worst = 0.88, Avg = 0.88, Time: 0.02911376953125
Stopping early due to lack of improvement.
Total runtime: 0.82s (0.0 minutes)
Total GA runtime: 0.03s (0.0 minutes)
LS: PDPairExchange:0(0.000s) | BlockRelocate:0(0.000s) | BlockExchange:0(0.000s) | mPDG:0(0.000s) | TotalTime:0.000s | Cost:0.88

The solution initialized by Cheapest Insertion:
V_1:[] V_2:[] V_3:[p1_0010370001-1 d1_0010370001-1] V_4:[] V_5:[p3_0012530002-1 d3_0012530002-3]
The fitness value before EA: 0.8800000000000001
V_1:[] V_2:[] V_3:[p1_0010370001-1 d1_0010370001-1] V_4:[] V_5:[p3_0012530002-1 d3_0012530002-3]
The fitness value after EA: 0.8800000000000001

Thoi gian thuc hien thuat toan:  0.8236901760101318
SUCCESS

2025-10-19 11:43:30,503 [simulate_environment.py | 256] INFO: 2025-10-19 00:20:00, Item 0010370001-1: state = 1 < 2, we can not finish the simulation
2025-10-19 11:43:30,503 [simulate_environment.py | 99] INFO: **************************************************
2025-10-19 11:43:30,503 [simulate_environment.py | 103] INFO: cur time: 2025-10-19 00:30:00, pre time: 2025-10-19 00:20:00
2025-10-19 11:43:30,503 [simulate_environment.py | 140] INFO: Start to update the input of 2025-10-19 00:30:00
2025-10-19 11:43:30,504 [simulate_environment.py | 167] INFO: Get 4 unallocated order items, 0 ongoing order items, 0 completed order items
2025-10-19 11:43:31,637 [simulate_environment.py | 234] INFO: 
Adaptive config applied: {'num_orders': 2, 'mode': 'erfc', 'raw_prog': 0.9912255249042616, 'ratio': 0.9974029364389501, 'ratio_pre': 0.9974029364389501, 'base': 0.9974029364389501, 'base_raw': 0.9974029364389501, 'center': 0.5, 'width': 0.2, 'num_vehicles': 5, 'threshold_T': 80, 'min_ratio': 0.0, 'max_ratio': 1.0, 'cutoff': True}
LS: PDPairExchange | Count: 0 | TotalTime:0.000s | Cost:0.88
LS: BlockExchange | Count: 0 | TotalTime:0.000s | Cost:0.88
LS: mPDG | Count: 0 | TotalTime:0.000s | Cost:0.88
LS: BlockExchange | Count: 0 | TotalTime:0.000s | Cost:0.88
LS: BlockExchange | Count: 0 | TotalTime:0.000s | Cost:0.88
LS: BlockExchange | Count: 0 | TotalTime:0.000s | Cost:0.88
LS: PDPairExchange | Count: 0 | TotalTime:0.000s | Cost:0.88
LS: BlockRelocate | Count: 0 | TotalTime:0.000s | Cost:0.88
LS: BlockExchange | Count: 0 | TotalTime:0.000s | Cost:0.88
LS: mPDG | Count: 0 | TotalTime:0.000s | Cost:0.88
LS: mPDG | Count: 0 | TotalTime:0.000s | Cost:0.88
Generation 1: Best = 0.88, Worst = 0.88, Avg = 0.88, Time: 0.040892839431762695
Stopping early due to lack of improvement.
Total runtime: 0.85s (0.0 minutes)
Total GA runtime: 0.04s (0.0 minutes)
LS: PDPairExchange:0(0.000s) | BlockExchange:0(0.000s) | mPDG:0(0.000s) | BlockRelocate:0(0.000s) | TotalTime:0.000s | Cost:0.88

The solution initialized by Cheapest Insertion:
V_1:[] V_2:[] V_3:[p1_0010370001-1 d1_0010370001-1] V_4:[] V_5:[p3_0012530002-1 d3_0012530002-3]
The fitness value before EA: 0.8800000000000001
V_1:[] V_2:[] V_3:[p1_0010370001-1 d1_0010370001-1] V_4:[] V_5:[p3_0012530002-1 d3_0012530002-3]
The fitness value after EA: 0.8800000000000001

Thoi gian thuc hien thuat toan:  0.8538739681243896
SUCCESS

2025-10-19 11:43:31,637 [simulate_environment.py | 256] INFO: 2025-10-19 00:30:00, Item 0010370001-1: state = 1 < 2, we can not finish the simulation
2025-10-19 11:43:31,637 [simulate_environment.py | 99] INFO: **************************************************
2025-10-19 11:43:31,637 [simulate_environment.py | 103] INFO: cur time: 2025-10-19 00:40:00, pre time: 2025-10-19 00:30:00
2025-10-19 11:43:31,637 [simulate_environment.py | 140] INFO: Start to update the input of 2025-10-19 00:40:00
2025-10-19 11:43:31,638 [simulate_environment.py | 167] INFO: Get 4 unallocated order items, 0 ongoing order items, 0 completed order items
2025-10-19 11:43:32,712 [simulate_environment.py | 234] INFO: 
Adaptive config applied: {'num_orders': 2, 'mode': 'erfc', 'raw_prog': 0.9912255249042616, 'ratio': 0.9974029364389501, 'ratio_pre': 0.9974029364389501, 'base': 0.9974029364389501, 'base_raw': 0.9974029364389501, 'center': 0.5, 'width': 0.2, 'num_vehicles': 5, 'threshold_T': 80, 'min_ratio': 0.0, 'max_ratio': 1.0, 'cutoff': True}
LS: mPDG | Count: 0 | TotalTime:0.000s | Cost:0.88
LS: mPDG | Count: 0 | TotalTime:0.000s | Cost:0.88
LS: mPDG | Count: 0 | TotalTime:0.000s | Cost:0.88
LS: BlockExchange | Count: 0 | TotalTime:0.000s | Cost:0.88
LS: PDPairExchange | Count: 0 | TotalTime:0.000s | Cost:0.88
LS: PDPairExchange | Count: 0 | TotalTime:0.000s | Cost:0.88
LS: BlockRelocate | Count: 0 | TotalTime:0.000s | Cost:0.88
LS: BlockExchange | Count: 0 | TotalTime:0.000s | Cost:0.88
LS: BlockRelocate | Count: 0 | TotalTime:0.000s | Cost:0.88
LS: PDPairExchange | Count: 0 | TotalTime:0.000s | Cost:0.88
LS: BlockExchange | Count: 0 | TotalTime:0.000s | Cost:0.88
Generation 1: Best = 0.88, Worst = 0.88, Avg = 0.88, Time: 0.029212236404418945
Stopping early due to lack of improvement.
Total runtime: 0.79s (0.0 minutes)
Total GA runtime: 0.03s (0.0 minutes)
LS: mPDG:0(0.000s) | PDPairExchange:0(0.000s) | BlockRelocate:0(0.000s) | BlockExchange:0(0.000s) | TotalTime:0.000s | Cost:0.88

The solution initialized by Cheapest Insertion:
V_1:[] V_2:[] V_3:[p1_0010370001-1 d1_0010370001-1] V_4:[] V_5:[p3_0012530002-1 d3_0012530002-3]
The fitness value before EA: 0.8800000000000001
V_1:[] V_2:[] V_3:[p1_0010370001-1 d1_0010370001-1] V_4:[] V_5:[p3_0012530002-1 d3_0012530002-3]
The fitness value after EA: 0.8800000000000001

Thoi gian thuc hien thuat toan:  0.7928361892700195
SUCCESS

2025-10-19 11:43:32,713 [simulate_environment.py | 256] INFO: 2025-10-19 00:40:00, Item 0010370001-1: state = 1 < 2, we can not finish the simulation
2025-10-19 11:43:32,713 [simulate_environment.py | 99] INFO: **************************************************
2025-10-19 11:43:32,713 [simulate_environment.py | 103] INFO: cur time: 2025-10-19 00:50:00, pre time: 2025-10-19 00:40:00
2025-10-19 11:43:32,713 [simulate_environment.py | 140] INFO: Start to update the input of 2025-10-19 00:50:00
2025-10-19 11:43:32,714 [simulate_environment.py | 167] INFO: Get 4 unallocated order items, 0 ongoing order items, 0 completed order items
2025-10-19 11:43:32,359 [simulate_environment.py | 234] INFO: 
Adaptive config applied: {'num_orders': 2, 'mode': 'erfc', 'raw_prog': 0.9912255249042616, 'ratio': 0.9974029364389501, 'ratio_pre': 0.9974029364389501, 'base': 0.9974029364389501, 'base_raw': 0.9974029364389501, 'center': 0.5, 'width': 0.2, 'num_vehicles': 5, 'threshold_T': 80, 'min_ratio': 0.0, 'max_ratio': 1.0, 'cutoff': True}
LS: BlockExchange | Count: 0 | TotalTime:0.000s | Cost:0.88
LS: mPDG | Count: 0 | TotalTime:0.000s | Cost:0.88
LS: PDPairExchange | Count: 0 | TotalTime:0.000s | Cost:0.88
LS: PDPairExchange | Count: 0 | TotalTime:0.000s | Cost:0.88
LS: BlockRelocate | Count: 0 | TotalTime:0.000s | Cost:0.88
LS: mPDG | Count: 0 | TotalTime:0.000s | Cost:0.88
LS: mPDG | Count: 0 | TotalTime:0.000s | Cost:0.88
LS: PDPairExchange | Count: 0 | TotalTime:0.000s | Cost:0.88
LS: mPDG | Count: 0 | TotalTime:0.000s | Cost:0.88
LS: mPDG | Count: 0 | TotalTime:0.000s | Cost:0.88
LS: mPDG | Count: 0 | TotalTime:0.000s | Cost:0.88
Generation 1: Best = 0.88, Worst = 0.88, Avg = 0.88, Time: 0.028978824615478516
Stopping early due to lack of improvement.
Total runtime: -0.63s (-0.0 minutes)
Total GA runtime: 0.03s (0.0 minutes)
LS: BlockRelocate:0(0.000s) | BlockExchange:0(0.000s) | mPDG:0(0.000s) | PDPairExchange:0(0.000s) | TotalTime:0.000s | Cost:0.88

The solution initialized by Cheapest Insertion:
V_1:[] V_2:[] V_3:[p1_0010370001-1 d1_0010370001-1] V_4:[] V_5:[p3_0012530002-1 d3_0012530002-3]
The fitness value before EA: 0.8800000000000001
V_1:[] V_2:[] V_3:[p1_0010370001-1 d1_0010370001-1] V_4:[] V_5:[p3_0012530002-1 d3_0012530002-3]
The fitness value after EA: 0.8800000000000001

Thoi gian thuc hien thuat toan:  -0.6294989585876465
SUCCESS

2025-10-19 11:43:32,359 [simulate_environment.py | 245] ERROR: Output_json files from the algorithm is not the newest.
