2025-11-04 16:07:06,504 [main.py         | 48] INFO: Start to run instance_10
2025-11-04 16:07:06,505 [simulate_api.py | 60] INFO: Start time of the simulator: 2025-11-04 00:00:00, time interval:  600.00
2025-11-04 16:07:06,514 [input_utils.py  | 48] INFO: Get 154 factories
2025-11-04 16:07:10,079 [input_utils.py  | 52] INFO: Get 23562 routes
2025-11-04 16:07:10,091 [input_utils.py  | 57] INFO: Get 5 vehicles
2025-11-04 16:07:10,100 [input_utils.py  | 61] INFO: Get 100 orders
2025-11-04 16:07:10,100 [simulate_api.py | 87] INFO: Initial position of V_1 is e2d5093fbe36431f8986ddb0e1c586be
2025-11-04 16:07:10,100 [simulate_api.py | 87] INFO: Initial position of V_2 is 7fe14b93f0f04ee7a994ef5b2c1fdb72
2025-11-04 16:07:10,100 [simulate_api.py | 87] INFO: Initial position of V_3 is fa366fc87a124d32926daa5bb093129f
2025-11-04 16:07:10,100 [simulate_api.py | 87] INFO: Initial position of V_4 is e47399648fa842b2b8f80094343d8091
2025-11-04 16:07:10,100 [simulate_api.py | 87] INFO: Initial position of V_5 is becb4f85393540b287e7329758b8d832
2025-11-04 16:07:10,101 [simulate_environment.py | 99] INFO: **************************************************
2025-11-04 16:07:10,101 [simulate_environment.py | 103] INFO: cur time: 2025-11-04 00:10:00, pre time: 2025-11-04 00:00:00
2025-11-04 16:07:10,101 [simulate_environment.py | 140] INFO: Start to update the input of 2025-11-04 00:10:00
2025-11-04 16:07:10,101 [simulate_environment.py | 167] INFO: Get 0 unallocated order items, 0 ongoing order items, 0 completed order items
2025-11-04 16:07:11,046 [simulate_environment.py | 234] INFO: 
Cant initialize the population

The solution initialized by Cheapest Insertion:
V_1:[] V_2:[] V_3:[] V_4:[] V_5:[]
The fitness value before EA: 0.0
V_1:[] V_2:[] V_3:[] V_4:[] V_5:[]
The fitness value after EA: 0.0

Thoi gian thuc hien thuat toan:  0.6353657245635986
SUCCESS

2025-11-04 16:07:11,046 [simulate_environment.py | 256] INFO: 2025-11-04 00:10:00, Item 0010370001-1: state = 0 < 2, we can not finish the simulation
2025-11-04 16:07:11,046 [simulate_environment.py | 99] INFO: **************************************************
2025-11-04 16:07:11,046 [simulate_environment.py | 103] INFO: cur time: 2025-11-04 00:20:00, pre time: 2025-11-04 00:10:00
2025-11-04 16:07:11,046 [simulate_environment.py | 140] INFO: Start to update the input of 2025-11-04 00:20:00
2025-11-04 16:07:11,047 [simulate_environment.py | 167] INFO: Get 4 unallocated order items, 0 ongoing order items, 0 completed order items
2025-11-04 16:07:12,030 [simulate_environment.py | 234] INFO: 
LS: PDPairExchange | Count: 0 | TotalTime:0.000s | Cost:0.88
LS: mPDG | Count: 0 | TotalTime:0.000s | Cost:0.88
LS: BlockExchange | Count: 0 | TotalTime:0.000s | Cost:0.88
LS: PDPairExchange | Count: 0 | TotalTime:0.000s | Cost:0.88
LS: mPDG | Count: 0 | TotalTime:0.000s | Cost:0.88
LS: BlockExchange | Count: 0 | TotalTime:0.000s | Cost:0.88
LS: BlockRelocate | Count: 0 | TotalTime:0.000s | Cost:0.88
LS: PDPairExchange | Count: 0 | TotalTime:0.000s | Cost:0.88
LS: PDPairExchange | Count: 0 | TotalTime:0.000s | Cost:0.88
LS: mPDG | Count: 0 | TotalTime:0.000s | Cost:0.88
LS: BlockRelocate | Count: 0 | TotalTime:0.000s | Cost:0.88
Generation 1: Best = 0.88, Worst = 0.88, Avg = 0.88, Time: 0.022607088088989258
Stopping early due to lack of improvement.
Total runtime: 0.73s (0.0 minutes)
Total GA runtime: 0.02s (0.0 minutes)

The solution initialized by Cheapest Insertion:
V_1:[] V_2:[] V_3:[p1_0010370001-1 d1_0010370001-1] V_4:[] V_5:[p3_0012530002-1 d3_0012530002-3]
The fitness value before EA: 0.8800000000000001
V_1:[] V_2:[] V_3:[p1_0010370001-1 d1_0010370001-1] V_4:[] V_5:[p3_0012530002-1 d3_0012530002-3]
The fitness value after EA: 0.8800000000000001

Thoi gian thuc hien thuat toan:  0.7283651828765869
SUCCESS

2025-11-04 16:07:12,031 [simulate_environment.py | 256] INFO: 2025-11-04 00:20:00, Item 0010370001-1: state = 1 < 2, we can not finish the simulation
2025-11-04 16:07:12,031 [simulate_environment.py | 99] INFO: **************************************************
2025-11-04 16:07:12,031 [simulate_environment.py | 103] INFO: cur time: 2025-11-04 00:30:00, pre time: 2025-11-04 00:20:00
2025-11-04 16:07:12,031 [simulate_environment.py | 140] INFO: Start to update the input of 2025-11-04 00:30:00
2025-11-04 16:07:12,031 [simulate_environment.py | 167] INFO: Get 0 unallocated order items, 4 ongoing order items, 0 completed order items
2025-11-04 16:07:12,939 [simulate_environment.py | 234] INFO: 
Cant initialize the population

The solution initialized by Cheapest Insertion:
V_1:[] V_2:[] V_3:[d1_0010370001-1] V_4:[] V_5:[d3_0012530002-3]
The fitness value before EA: 0.6599999999999999
V_1:[] V_2:[] V_3:[d1_0010370001-1] V_4:[] V_5:[d3_0012530002-3]
The fitness value after EA: 0.6599999999999999

Thoi gian thuc hien thuat toan:  0.6226708889007568
SUCCESS

2025-11-04 16:07:12,940 [simulate_environment.py | 256] INFO: 2025-11-04 00:30:00, Item 0221280003-1: state = 0 < 2, we can not finish the simulation
2025-11-04 16:07:12,940 [simulate_environment.py | 99] INFO: **************************************************
2025-11-04 16:07:12,940 [simulate_environment.py | 103] INFO: cur time: 2025-11-04 00:40:00, pre time: 2025-11-04 00:30:00
2025-11-04 16:07:12,940 [simulate_environment.py | 140] INFO: Start to update the input of 2025-11-04 00:40:00
2025-11-04 16:07:12,940 [simulate_environment.py | 167] INFO: Get 0 unallocated order items, 4 ongoing order items, 0 completed order items
2025-11-04 16:07:13,903 [simulate_environment.py | 234] INFO: 
Cant initialize the population

The solution initialized by Cheapest Insertion:
V_1:[] V_2:[] V_3:[d1_0010370001-1] V_4:[] V_5:[d3_0012530002-3]
The fitness value before EA: 0.6599999999999999
V_1:[] V_2:[] V_3:[d1_0010370001-1] V_4:[] V_5:[d3_0012530002-3]
The fitness value after EA: 0.6599999999999999

Thoi gian thuc hien thuat toan:  0.652327299118042
SUCCESS

2025-11-04 16:07:13,904 [simulate_environment.py | 256] INFO: 2025-11-04 00:40:00, Item 0221280003-1: state = 0 < 2, we can not finish the simulation
2025-11-04 16:07:13,904 [simulate_environment.py | 99] INFO: **************************************************
2025-11-04 16:07:13,904 [simulate_environment.py | 103] INFO: cur time: 2025-11-04 00:50:00, pre time: 2025-11-04 00:40:00
2025-11-04 16:07:13,904 [simulate_environment.py | 140] INFO: Start to update the input of 2025-11-04 00:50:00
2025-11-04 16:07:13,904 [simulate_environment.py | 167] INFO: Get 0 unallocated order items, 4 ongoing order items, 0 completed order items
2025-11-04 16:07:14,933 [simulate_environment.py | 234] INFO: 
Cant initialize the population

The solution initialized by Cheapest Insertion:
V_1:[] V_2:[] V_3:[d1_0010370001-1] V_4:[] V_5:[d3_0012530002-3]
The fitness value before EA: 0.6599999999999999
V_1:[] V_2:[] V_3:[d1_0010370001-1] V_4:[] V_5:[d3_0012530002-3]
The fitness value after EA: 0.6599999999999999

Thoi gian thuc hien thuat toan:  0.6951940059661865
SUCCESS

2025-11-04 16:07:14,934 [simulate_environment.py | 256] INFO: 2025-11-04 00:50:00, Item 0221280003-1: state = 0 < 2, we can not finish the simulation
2025-11-04 16:07:14,934 [simulate_environment.py | 99] INFO: **************************************************
2025-11-04 16:07:14,934 [simulate_environment.py | 103] INFO: cur time: 2025-11-04 01:00:00, pre time: 2025-11-04 00:50:00
2025-11-04 16:07:14,934 [simulate_environment.py | 140] INFO: Start to update the input of 2025-11-04 01:00:00
2025-11-04 16:07:14,934 [simulate_environment.py | 167] INFO: Get 0 unallocated order items, 3 ongoing order items, 1 completed order items
2025-11-04 16:07:15,908 [simulate_environment.py | 234] INFO: 
Cant initialize the population

The solution initialized by Cheapest Insertion:
V_1:[] V_2:[] V_3:[] V_4:[] V_5:[d3_0012530002-3]
The fitness value before EA: 0.0
V_1:[] V_2:[] V_3:[] V_4:[] V_5:[d3_0012530002-3]
The fitness value after EA: 0.0

Thoi gian thuc hien thuat toan:  0.6856849193572998
SUCCESS

2025-11-04 16:07:15,908 [simulate_environment.py | 256] INFO: 2025-11-04 01:00:00, Item 0221280003-1: state = 0 < 2, we can not finish the simulation
2025-11-04 16:07:15,909 [simulate_environment.py | 99] INFO: **************************************************
2025-11-04 16:07:15,909 [simulate_environment.py | 103] INFO: cur time: 2025-11-04 01:10:00, pre time: 2025-11-04 01:00:00
2025-11-04 16:07:15,909 [simulate_environment.py | 140] INFO: Start to update the input of 2025-11-04 01:10:00
2025-11-04 16:07:15,909 [simulate_environment.py | 167] INFO: Get 0 unallocated order items, 0 ongoing order items, 4 completed order items
2025-11-04 16:07:16,980 [simulate_environment.py | 234] INFO: 
Cant initialize the population

The solution initialized by Cheapest Insertion:
V_1:[] V_2:[] V_3:[] V_4:[] V_5:[]
The fitness value before EA: 0.0
V_1:[] V_2:[] V_3:[] V_4:[] V_5:[]
The fitness value after EA: 0.0

Thoi gian thuc hien thuat toan:  0.7515513896942139
SUCCESS

2025-11-04 16:07:16,981 [simulate_environment.py | 256] INFO: 2025-11-04 01:10:00, Item 0221280003-1: state = 0 < 2, we can not finish the simulation
2025-11-04 16:07:16,981 [simulate_environment.py | 99] INFO: **************************************************
2025-11-04 16:07:16,981 [simulate_environment.py | 103] INFO: cur time: 2025-11-04 01:20:00, pre time: 2025-11-04 01:10:00
2025-11-04 16:07:16,981 [simulate_environment.py | 140] INFO: Start to update the input of 2025-11-04 01:20:00
2025-11-04 16:07:16,981 [simulate_environment.py | 167] INFO: Get 0 unallocated order items, 0 ongoing order items, 4 completed order items
2025-11-04 16:07:17,926 [simulate_environment.py | 234] INFO: 
Cant initialize the population

The solution initialized by Cheapest Insertion:
V_1:[] V_2:[] V_3:[] V_4:[] V_5:[]
The fitness value before EA: 0.0
V_1:[] V_2:[] V_3:[] V_4:[] V_5:[]
The fitness value after EA: 0.0

Thoi gian thuc hien thuat toan:  0.6593811511993408
SUCCESS

2025-11-04 16:07:17,926 [simulate_environment.py | 256] INFO: 2025-11-04 01:20:00, Item 0221280003-1: state = 0 < 2, we can not finish the simulation
2025-11-04 16:07:17,926 [simulate_environment.py | 99] INFO: **************************************************
2025-11-04 16:07:17,926 [simulate_environment.py | 103] INFO: cur time: 2025-11-04 01:30:00, pre time: 2025-11-04 01:20:00
2025-11-04 16:07:17,926 [simulate_environment.py | 140] INFO: Start to update the input of 2025-11-04 01:30:00
2025-11-04 16:07:17,926 [simulate_environment.py | 167] INFO: Get 0 unallocated order items, 0 ongoing order items, 4 completed order items
2025-11-04 16:07:18,895 [simulate_environment.py | 234] INFO: 
Cant initialize the population

The solution initialized by Cheapest Insertion:
V_1:[] V_2:[] V_3:[] V_4:[] V_5:[]
The fitness value before EA: 0.0
V_1:[] V_2:[] V_3:[] V_4:[] V_5:[]
The fitness value after EA: 0.0

Thoi gian thuc hien thuat toan:  0.6907703876495361
SUCCESS

2025-11-04 16:07:18,895 [simulate_environment.py | 256] INFO: 2025-11-04 01:30:00, Item 0221280003-1: state = 0 < 2, we can not finish the simulation
2025-11-04 16:07:18,895 [simulate_environment.py | 99] INFO: **************************************************
2025-11-04 16:07:18,895 [simulate_environment.py | 103] INFO: cur time: 2025-11-04 01:40:00, pre time: 2025-11-04 01:30:00
2025-11-04 16:07:18,895 [simulate_environment.py | 140] INFO: Start to update the input of 2025-11-04 01:40:00
2025-11-04 16:07:18,896 [simulate_environment.py | 167] INFO: Get 0 unallocated order items, 0 ongoing order items, 4 completed order items
2025-11-04 16:07:19,814 [simulate_environment.py | 234] INFO: 
Cant initialize the population

The solution initialized by Cheapest Insertion:
V_1:[] V_2:[] V_3:[] V_4:[] V_5:[]
The fitness value before EA: 0.0
V_1:[] V_2:[] V_3:[] V_4:[] V_5:[]
The fitness value after EA: 0.0

Thoi gian thuc hien thuat toan:  0.632256269454956
SUCCESS

2025-11-04 16:07:19,815 [simulate_environment.py | 256] INFO: 2025-11-04 01:40:00, Item 0221280003-1: state = 0 < 2, we can not finish the simulation
2025-11-04 16:07:19,815 [simulate_environment.py | 99] INFO: **************************************************
2025-11-04 16:07:19,815 [simulate_environment.py | 103] INFO: cur time: 2025-11-04 01:50:00, pre time: 2025-11-04 01:40:00
2025-11-04 16:07:19,815 [simulate_environment.py | 140] INFO: Start to update the input of 2025-11-04 01:50:00
2025-11-04 16:07:19,815 [simulate_environment.py | 167] INFO: Get 0 unallocated order items, 0 ongoing order items, 4 completed order items
