2025-10-19 11:31:30,471 [main.py         | 48] INFO: Start to run instance_10
2025-10-19 11:31:30,472 [simulate_api.py | 60] INFO: Start time of the simulator: 2025-10-19 00:00:00, time interval:  600.00
2025-10-19 11:31:30,483 [input_utils.py  | 48] INFO: Get 154 factories
2025-10-19 11:31:31,170 [input_utils.py  | 52] INFO: Get 23562 routes
2025-10-19 11:31:31,187 [input_utils.py  | 57] INFO: Get 5 vehicles
2025-10-19 11:31:31,197 [input_utils.py  | 61] INFO: Get 100 orders
2025-10-19 11:31:31,198 [simulate_api.py | 87] INFO: Initial position of V_1 is e2d5093fbe36431f8986ddb0e1c586be
2025-10-19 11:31:31,198 [simulate_api.py | 87] INFO: Initial position of V_2 is 7fe14b93f0f04ee7a994ef5b2c1fdb72
2025-10-19 11:31:31,198 [simulate_api.py | 87] INFO: Initial position of V_3 is fa366fc87a124d32926daa5bb093129f
2025-10-19 11:31:31,198 [simulate_api.py | 87] INFO: Initial position of V_4 is e47399648fa842b2b8f80094343d8091
2025-10-19 11:31:31,198 [simulate_api.py | 87] INFO: Initial position of V_5 is becb4f85393540b287e7329758b8d832
2025-10-19 11:31:31,198 [simulate_environment.py | 99] INFO: **************************************************
2025-10-19 11:31:31,198 [simulate_environment.py | 103] INFO: cur time: 2025-10-19 00:10:00, pre time: 2025-10-19 00:00:00
2025-10-19 11:31:31,198 [simulate_environment.py | 140] INFO: Start to update the input of 2025-10-19 00:10:00
2025-10-19 11:31:31,199 [simulate_environment.py | 167] INFO: Get 0 unallocated order items, 0 ongoing order items, 0 completed order items
2025-10-19 11:31:32,287 [simulate_environment.py | 234] INFO: 
Adaptive config applied: {'num_orders': 0, 'mode': 'erfc', 'raw_prog': 0.9937903346742238, 'ratio': 1.0, 'ratio_pre': 1.0, 'base': 1.0, 'base_raw': 1.0, 'center': 0.5, 'width': 0.2, 'num_vehicles': 5, 'threshold_T': 80, 'min_ratio': 0.0, 'max_ratio': 1.0, 'cutoff': True}
Cant initialize the population

The solution initialized by Cheapest Insertion:
V_1:[] V_2:[] V_3:[] V_4:[] V_5:[]
The fitness value before EA: 0.0
V_1:[] V_2:[] V_3:[] V_4:[] V_5:[]
The fitness value after EA: 0.0

Thoi gian thuc hien thuat toan:  0.6938693523406982
SUCCESS

2025-10-19 11:31:32,287 [simulate_environment.py | 256] INFO: 2025-10-19 00:10:00, Item 0010370001-1: state = 0 < 2, we can not finish the simulation
2025-10-19 11:31:32,287 [simulate_environment.py | 99] INFO: **************************************************
2025-10-19 11:31:32,287 [simulate_environment.py | 103] INFO: cur time: 2025-10-19 00:20:00, pre time: 2025-10-19 00:10:00
2025-10-19 11:31:32,287 [simulate_environment.py | 140] INFO: Start to update the input of 2025-10-19 00:20:00
2025-10-19 11:31:32,288 [simulate_environment.py | 167] INFO: Get 4 unallocated order items, 0 ongoing order items, 0 completed order items
