2025-10-31 09:31:51,284 [main.py         | 48] INFO: Start to run instance_10
2025-10-31 09:31:51,284 [simulate_api.py | 60] INFO: Start time of the simulator: 2025-10-31 00:00:00, time interval:  600.00
2025-10-31 09:31:51,300 [input_utils.py  | 48] INFO: Get 154 factories
2025-10-31 09:31:53,061 [input_utils.py  | 52] INFO: Get 23562 routes
2025-10-31 09:31:53,082 [input_utils.py  | 57] INFO: Get 5 vehicles
2025-10-31 09:31:53,101 [input_utils.py  | 61] INFO: Get 100 orders
2025-10-31 09:31:53,102 [simulate_api.py | 87] INFO: Initial position of V_1 is e2d5093fbe36431f8986ddb0e1c586be
2025-10-31 09:31:53,102 [simulate_api.py | 87] INFO: Initial position of V_2 is 7fe14b93f0f04ee7a994ef5b2c1fdb72
2025-10-31 09:31:53,102 [simulate_api.py | 87] INFO: Initial position of V_3 is fa366fc87a124d32926daa5bb093129f
2025-10-31 09:31:53,102 [simulate_api.py | 87] INFO: Initial position of V_4 is e47399648fa842b2b8f80094343d8091
2025-10-31 09:31:53,102 [simulate_api.py | 87] INFO: Initial position of V_5 is becb4f85393540b287e7329758b8d832
2025-10-31 09:31:53,103 [simulate_environment.py | 99] INFO: **************************************************
2025-10-31 09:31:53,103 [simulate_environment.py | 103] INFO: cur time: 2025-10-31 00:10:00, pre time: 2025-10-31 00:00:00
2025-10-31 09:31:53,103 [simulate_environment.py | 140] INFO: Start to update the input of 2025-10-31 00:10:00
2025-10-31 09:31:53,104 [simulate_environment.py | 167] INFO: Get 0 unallocated order items, 0 ongoing order items, 0 completed order items
2025-10-31 09:31:56,001 [simulate_environment.py | 234] INFO: 
Adaptive config applied: {'num_orders': 0, 'mode': 'erfc', 'raw_prog': 0.9937903346742238, 'ratio': 1.0, 'ratio_pre': 1.0, 'base': 1.0, 'base_raw': 1.0, 'center': 0.5, 'width': 0.2, 'num_vehicles': 5, 'threshold_T': 80, 'min_ratio': 0.0, 'max_ratio': 1.0, 'cutoff': True}
Cant initialize the population

The solution initialized by Cheapest Insertion:
V_1:[] V_2:[] V_3:[] V_4:[] V_5:[]
The fitness value before EA: 0.0
V_1:[] V_2:[] V_3:[] V_4:[] V_5:[]
The fitness value after EA: 0.0

Thoi gian thuc hien thuat toan:  2.3235504627227783
SUCCESS

2025-10-31 09:31:56,002 [simulate_environment.py | 256] INFO: 2025-10-31 00:10:00, Item 0010370001-1: state = 0 < 2, we can not finish the simulation
2025-10-31 09:31:56,003 [simulate_environment.py | 99] INFO: **************************************************
2025-10-31 09:31:56,003 [simulate_environment.py | 103] INFO: cur time: 2025-10-31 00:20:00, pre time: 2025-10-31 00:10:00
2025-10-31 09:31:56,003 [simulate_environment.py | 140] INFO: Start to update the input of 2025-10-31 00:20:00
2025-10-31 09:31:56,005 [simulate_environment.py | 167] INFO: Get 4 unallocated order items, 0 ongoing order items, 0 completed order items
2025-10-31 09:32:02,932 [simulate_environment.py | 234] INFO: 
Adaptive config applied: {'num_orders': 2, 'mode': 'erfc', 'raw_prog': 0.9912255249042616, 'ratio': 0.9974029364389501, 'ratio_pre': 0.9974029364389501, 'base': 0.9974029364389501, 'base_raw': 0.9974029364389501, 'center': 0.5, 'width': 0.2, 'num_vehicles': 5, 'threshold_T': 80, 'min_ratio': 0.0, 'max_ratio': 1.0, 'cutoff': True}
LS: BlockRelocate | Count: 0 | TotalTime:0.012s | Cost:0.88
LS: BlockRelocate | Count: 0 | TotalTime:0.001s | Cost:0.88
LS: PDPairExchange | Count: 0 | TotalTime:0.000s | Cost:0.88
LS: BlockRelocate | Count: 0 | TotalTime:0.001s | Cost:0.88
LS: BlockRelocate | Count: 0 | TotalTime:0.001s | Cost:0.88
LS: BlockExchange | Count: 0 | TotalTime:0.000s | Cost:0.88
LS: mPDG | Count: 0 | TotalTime:0.001s | Cost:0.88
LS: PDPairExchange | Count: 0 | TotalTime:0.000s | Cost:0.88
LS: mPDG | Count: 0 | TotalTime:0.001s | Cost:0.88
LS: BlockExchange | Count: 0 | TotalTime:0.000s | Cost:0.88
LS: BlockRelocate | Count: 0 | TotalTime:0.001s | Cost:0.88
Generation 1: Best = 0.88, Worst = 0.88, Avg = 0.88, Time: 0.5088045597076416
Stopping early due to lack of improvement.
Total runtime: 5.73s (0.1 minutes)
Total GA runtime: 0.51s (0.0 minutes)
1
1
LS: BlockRelocate:0(0.000s) | BlockExchange:0(0.000s) | PDPairExchange:0(0.000s) | mPDG:0(0.001s) | TotalTime:0.001s | Cost:0.88

The solution initialized by Cheapest Insertion:
V_1:[] V_2:[] V_3:[p1_0010370001-1 d1_0010370001-1] V_4:[] V_5:[p3_0012530002-1 d3_0012530002-3]
The fitness value before EA: 0.8800000000000001
V_1:[] V_2:[] V_3:[p1_0010370001-1 d1_0010370001-1] V_4:[] V_5:[p3_0012530002-1 d3_0012530002-3]
The fitness value after EA: 0.8800000000000001

Thoi gian thuc hien thuat toan:  5.763712167739868
SUCCESS

2025-10-31 09:32:02,933 [simulate_environment.py | 256] INFO: 2025-10-31 00:20:00, Item 0010370001-1: state = 1 < 2, we can not finish the simulation
2025-10-31 09:32:02,934 [simulate_environment.py | 99] INFO: **************************************************
2025-10-31 09:32:02,934 [simulate_environment.py | 103] INFO: cur time: 2025-10-31 00:30:00, pre time: 2025-10-31 00:20:00
2025-10-31 09:32:02,934 [simulate_environment.py | 140] INFO: Start to update the input of 2025-10-31 00:30:00
2025-10-31 09:32:02,937 [simulate_environment.py | 167] INFO: Get 0 unallocated order items, 4 ongoing order items, 0 completed order items
2025-10-31 09:32:10,625 [simulate_environment.py | 234] INFO: 
Adaptive config applied: {'num_orders': 0, 'mode': 'erfc', 'raw_prog': 0.9937903346742238, 'ratio': 1.0, 'ratio_pre': 1.0, 'base': 1.0, 'base_raw': 1.0, 'center': 0.5, 'width': 0.2, 'num_vehicles': 5, 'threshold_T': 80, 'min_ratio': 0.0, 'max_ratio': 1.0, 'cutoff': True}
Cant initialize the population

The solution initialized by Cheapest Insertion:
V_1:[] V_2:[] V_3:[d1_0010370001-1] V_4:[] V_5:[d3_0012530002-3]
The fitness value before EA: 0.6599999999999999
V_1:[] V_2:[] V_3:[d1_0010370001-1] V_4:[] V_5:[d3_0012530002-3]
The fitness value after EA: 0.6599999999999999

Thoi gian thuc hien thuat toan:  4.3512513637542725
SUCCESS

2025-10-31 09:32:10,628 [simulate_environment.py | 256] INFO: 2025-10-31 00:30:00, Item 0221280003-1: state = 0 < 2, we can not finish the simulation
2025-10-31 09:32:10,628 [simulate_environment.py | 99] INFO: **************************************************
2025-10-31 09:32:10,629 [simulate_environment.py | 103] INFO: cur time: 2025-10-31 00:40:00, pre time: 2025-10-31 00:30:00
2025-10-31 09:32:10,629 [simulate_environment.py | 140] INFO: Start to update the input of 2025-10-31 00:40:00
2025-10-31 09:32:10,630 [simulate_environment.py | 167] INFO: Get 0 unallocated order items, 4 ongoing order items, 0 completed order items
2025-10-31 09:32:13,276 [simulate_environment.py | 234] INFO: 
Adaptive config applied: {'num_orders': 0, 'mode': 'erfc', 'raw_prog': 0.9937903346742238, 'ratio': 1.0, 'ratio_pre': 1.0, 'base': 1.0, 'base_raw': 1.0, 'center': 0.5, 'width': 0.2, 'num_vehicles': 5, 'threshold_T': 80, 'min_ratio': 0.0, 'max_ratio': 1.0, 'cutoff': True}
Cant initialize the population

The solution initialized by Cheapest Insertion:
V_1:[] V_2:[] V_3:[d1_0010370001-1] V_4:[] V_5:[d3_0012530002-3]
The fitness value before EA: 0.6599999999999999
V_1:[] V_2:[] V_3:[d1_0010370001-1] V_4:[] V_5:[d3_0012530002-3]
The fitness value after EA: 0.6599999999999999

Thoi gian thuc hien thuat toan:  1.8501148223876953
SUCCESS

2025-10-31 09:32:13,278 [simulate_environment.py | 256] INFO: 2025-10-31 00:40:00, Item 0221280003-1: state = 0 < 2, we can not finish the simulation
2025-10-31 09:32:13,278 [simulate_environment.py | 99] INFO: **************************************************
2025-10-31 09:32:13,278 [simulate_environment.py | 103] INFO: cur time: 2025-10-31 00:50:00, pre time: 2025-10-31 00:40:00
2025-10-31 09:32:13,279 [simulate_environment.py | 140] INFO: Start to update the input of 2025-10-31 00:50:00
2025-10-31 09:32:13,280 [simulate_environment.py | 167] INFO: Get 0 unallocated order items, 4 ongoing order items, 0 completed order items
2025-10-31 09:32:15,341 [simulate_environment.py | 234] INFO: 
Adaptive config applied: {'num_orders': 0, 'mode': 'erfc', 'raw_prog': 0.9937903346742238, 'ratio': 1.0, 'ratio_pre': 1.0, 'base': 1.0, 'base_raw': 1.0, 'center': 0.5, 'width': 0.2, 'num_vehicles': 5, 'threshold_T': 80, 'min_ratio': 0.0, 'max_ratio': 1.0, 'cutoff': True}
Cant initialize the population

The solution initialized by Cheapest Insertion:
V_1:[] V_2:[] V_3:[d1_0010370001-1] V_4:[] V_5:[d3_0012530002-3]
The fitness value before EA: 0.6599999999999999
V_1:[] V_2:[] V_3:[d1_0010370001-1] V_4:[] V_5:[d3_0012530002-3]
The fitness value after EA: 0.6599999999999999

Thoi gian thuc hien thuat toan:  1.410433292388916
SUCCESS

2025-10-31 09:32:15,342 [simulate_environment.py | 256] INFO: 2025-10-31 00:50:00, Item 0221280003-1: state = 0 < 2, we can not finish the simulation
2025-10-31 09:32:15,343 [simulate_environment.py | 99] INFO: **************************************************
2025-10-31 09:32:15,343 [simulate_environment.py | 103] INFO: cur time: 2025-10-31 01:00:00, pre time: 2025-10-31 00:50:00
2025-10-31 09:32:15,343 [simulate_environment.py | 140] INFO: Start to update the input of 2025-10-31 01:00:00
2025-10-31 09:32:15,344 [simulate_environment.py | 167] INFO: Get 0 unallocated order items, 3 ongoing order items, 1 completed order items
2025-10-31 09:32:17,632 [simulate_environment.py | 234] INFO: 
Adaptive config applied: {'num_orders': 0, 'mode': 'erfc', 'raw_prog': 0.9937903346742238, 'ratio': 1.0, 'ratio_pre': 1.0, 'base': 1.0, 'base_raw': 1.0, 'center': 0.5, 'width': 0.2, 'num_vehicles': 5, 'threshold_T': 80, 'min_ratio': 0.0, 'max_ratio': 1.0, 'cutoff': True}
Cant initialize the population

The solution initialized by Cheapest Insertion:
V_1:[] V_2:[] V_3:[] V_4:[] V_5:[d3_0012530002-3]
The fitness value before EA: 0.0
V_1:[] V_2:[] V_3:[] V_4:[] V_5:[d3_0012530002-3]
The fitness value after EA: 0.0

Thoi gian thuc hien thuat toan:  1.7037787437438965
SUCCESS

2025-10-31 09:32:17,633 [simulate_environment.py | 256] INFO: 2025-10-31 01:00:00, Item 0221280003-1: state = 0 < 2, we can not finish the simulation
2025-10-31 09:32:17,633 [simulate_environment.py | 99] INFO: **************************************************
2025-10-31 09:32:17,633 [simulate_environment.py | 103] INFO: cur time: 2025-10-31 01:10:00, pre time: 2025-10-31 01:00:00
2025-10-31 09:32:17,633 [simulate_environment.py | 140] INFO: Start to update the input of 2025-10-31 01:10:00
2025-10-31 09:32:17,634 [simulate_environment.py | 167] INFO: Get 0 unallocated order items, 0 ongoing order items, 4 completed order items
2025-10-31 09:32:20,218 [simulate_environment.py | 234] INFO: 
Adaptive config applied: {'num_orders': 0, 'mode': 'erfc', 'raw_prog': 0.9937903346742238, 'ratio': 1.0, 'ratio_pre': 1.0, 'base': 1.0, 'base_raw': 1.0, 'center': 0.5, 'width': 0.2, 'num_vehicles': 5, 'threshold_T': 80, 'min_ratio': 0.0, 'max_ratio': 1.0, 'cutoff': True}
Cant initialize the population

The solution initialized by Cheapest Insertion:
V_1:[] V_2:[] V_3:[] V_4:[] V_5:[]
The fitness value before EA: 0.0
V_1:[] V_2:[] V_3:[] V_4:[] V_5:[]
The fitness value after EA: 0.0

Thoi gian thuc hien thuat toan:  1.9803071022033691
SUCCESS

2025-10-31 09:32:20,218 [simulate_environment.py | 256] INFO: 2025-10-31 01:10:00, Item 0221280003-1: state = 0 < 2, we can not finish the simulation
2025-10-31 09:32:20,219 [simulate_environment.py | 99] INFO: **************************************************
2025-10-31 09:32:20,219 [simulate_environment.py | 103] INFO: cur time: 2025-10-31 01:20:00, pre time: 2025-10-31 01:10:00
2025-10-31 09:32:20,219 [simulate_environment.py | 140] INFO: Start to update the input of 2025-10-31 01:20:00
2025-10-31 09:32:20,220 [simulate_environment.py | 167] INFO: Get 0 unallocated order items, 0 ongoing order items, 4 completed order items
2025-10-31 09:32:22,663 [simulate_environment.py | 234] INFO: 
Adaptive config applied: {'num_orders': 0, 'mode': 'erfc', 'raw_prog': 0.9937903346742238, 'ratio': 1.0, 'ratio_pre': 1.0, 'base': 1.0, 'base_raw': 1.0, 'center': 0.5, 'width': 0.2, 'num_vehicles': 5, 'threshold_T': 80, 'min_ratio': 0.0, 'max_ratio': 1.0, 'cutoff': True}
Cant initialize the population

The solution initialized by Cheapest Insertion:
V_1:[] V_2:[] V_3:[] V_4:[] V_5:[]
The fitness value before EA: 0.0
V_1:[] V_2:[] V_3:[] V_4:[] V_5:[]
The fitness value after EA: 0.0

Thoi gian thuc hien thuat toan:  1.723736047744751
SUCCESS

2025-10-31 09:32:22,665 [simulate_environment.py | 256] INFO: 2025-10-31 01:20:00, Item 0221280003-1: state = 0 < 2, we can not finish the simulation
2025-10-31 09:32:22,665 [simulate_environment.py | 99] INFO: **************************************************
2025-10-31 09:32:22,665 [simulate_environment.py | 103] INFO: cur time: 2025-10-31 01:30:00, pre time: 2025-10-31 01:20:00
2025-10-31 09:32:22,665 [simulate_environment.py | 140] INFO: Start to update the input of 2025-10-31 01:30:00
2025-10-31 09:32:22,667 [simulate_environment.py | 167] INFO: Get 0 unallocated order items, 0 ongoing order items, 4 completed order items
